<?xml version="1.0"?>
<link_info>
   <banner>TMS320C55x Linker PC v4.4.1</banner>
   <copyright>Copyright (c) 1996-2012 Texas Instruments Incorporated</copyright>
   <link_time>0x59f1cec7</link_time>
   <output_file>test1.out</output_file>
   <entry_point>
      <name>_c_int00</name>
      <address>0x240f7</address>
   </entry_point>
   <input_file_list>
      <input_file id="fl-2">
         <path>.\</path>
         <kind>object</kind>
         <file>main.obj</file>
         <name>main.obj</name>
      </input_file>
      <input_file id="fl-7">
         <path>C:\c55_lp\c55_dsplib_3.00\lib\</path>
         <kind>archive</kind>
         <file>55xdspx_r3.lib</file>
         <name>convol.obj</name>
      </input_file>
      <input_file id="fl-8">
         <path>C:\ti\ccsv6\tools\compiler\c5500_4.4.1\lib\</path>
         <kind>archive</kind>
         <file>rts55x.lib</file>
         <name>boot.obj</name>
      </input_file>
      <input_file id="fl-9">
         <path>C:\ti\ccsv6\tools\compiler\c5500_4.4.1\lib\</path>
         <kind>archive</kind>
         <file>rts55x.lib</file>
         <name>exit.obj</name>
      </input_file>
      <input_file id="fl-a">
         <path>C:\ti\ccsv6\tools\compiler\c5500_4.4.1\lib\</path>
         <kind>archive</kind>
         <file>rts55x.lib</file>
         <name>printf.obj</name>
      </input_file>
      <input_file id="fl-b">
         <path>C:\ti\ccsv6\tools\compiler\c5500_4.4.1\lib\</path>
         <kind>archive</kind>
         <file>rts55x.lib</file>
         <name>vectors.obj</name>
      </input_file>
      <input_file id="fl-c">
         <path>C:\ti\ccsv6\tools\compiler\c5500_4.4.1\lib\</path>
         <kind>archive</kind>
         <file>rts55x.lib</file>
         <name>_lock.obj</name>
      </input_file>
      <input_file id="fl-d">
         <path>C:\ti\ccsv6\tools\compiler\c5500_4.4.1\lib\</path>
         <kind>archive</kind>
         <file>rts55x.lib</file>
         <name>_printfi.obj</name>
      </input_file>
      <input_file id="fl-e">
         <path>C:\ti\ccsv6\tools\compiler\c5500_4.4.1\lib\</path>
         <kind>archive</kind>
         <file>rts55x.lib</file>
         <name>args_main.obj</name>
      </input_file>
      <input_file id="fl-f">
         <path>C:\ti\ccsv6\tools\compiler\c5500_4.4.1\lib\</path>
         <kind>archive</kind>
         <file>rts55x.lib</file>
         <name>atoi.obj</name>
      </input_file>
      <input_file id="fl-10">
         <path>C:\ti\ccsv6\tools\compiler\c5500_4.4.1\lib\</path>
         <kind>archive</kind>
         <file>rts55x.lib</file>
         <name>autoinit.obj</name>
      </input_file>
      <input_file id="fl-11">
         <path>C:\ti\ccsv6\tools\compiler\c5500_4.4.1\lib\</path>
         <kind>archive</kind>
         <file>rts55x.lib</file>
         <name>cmpd.obj</name>
      </input_file>
      <input_file id="fl-12">
         <path>C:\ti\ccsv6\tools\compiler\c5500_4.4.1\lib\</path>
         <kind>archive</kind>
         <file>rts55x.lib</file>
         <name>ctype.obj</name>
      </input_file>
      <input_file id="fl-13">
         <path>C:\ti\ccsv6\tools\compiler\c5500_4.4.1\lib\</path>
         <kind>archive</kind>
         <file>rts55x.lib</file>
         <name>defs.obj</name>
      </input_file>
      <input_file id="fl-14">
         <path>C:\ti\ccsv6\tools\compiler\c5500_4.4.1\lib\</path>
         <kind>archive</kind>
         <file>rts55x.lib</file>
         <name>divd.obj</name>
      </input_file>
      <input_file id="fl-15">
         <path>C:\ti\ccsv6\tools\compiler\c5500_4.4.1\lib\</path>
         <kind>archive</kind>
         <file>rts55x.lib</file>
         <name>divul.obj</name>
      </input_file>
      <input_file id="fl-16">
         <path>C:\ti\ccsv6\tools\compiler\c5500_4.4.1\lib\</path>
         <kind>archive</kind>
         <file>rts55x.lib</file>
         <name>fixdi.obj</name>
      </input_file>
      <input_file id="fl-17">
         <path>C:\ti\ccsv6\tools\compiler\c5500_4.4.1\lib\</path>
         <kind>archive</kind>
         <file>rts55x.lib</file>
         <name>fixdli.obj</name>
      </input_file>
      <input_file id="fl-18">
         <path>C:\ti\ccsv6\tools\compiler\c5500_4.4.1\lib\</path>
         <kind>archive</kind>
         <file>rts55x.lib</file>
         <name>fltlid.obj</name>
      </input_file>
      <input_file id="fl-19">
         <path>C:\ti\ccsv6\tools\compiler\c5500_4.4.1\lib\</path>
         <kind>archive</kind>
         <file>rts55x.lib</file>
         <name>fputc.obj</name>
      </input_file>
      <input_file id="fl-1a">
         <path>C:\ti\ccsv6\tools\compiler\c5500_4.4.1\lib\</path>
         <kind>archive</kind>
         <file>rts55x.lib</file>
         <name>fputs.obj</name>
      </input_file>
      <input_file id="fl-1b">
         <path>C:\ti\ccsv6\tools\compiler\c5500_4.4.1\lib\</path>
         <kind>archive</kind>
         <file>rts55x.lib</file>
         <name>frcmpyd_div.obj</name>
      </input_file>
      <input_file id="fl-1c">
         <path>C:\ti\ccsv6\tools\compiler\c5500_4.4.1\lib\</path>
         <kind>archive</kind>
         <file>rts55x.lib</file>
         <name>isinf.obj</name>
      </input_file>
      <input_file id="fl-1d">
         <path>C:\ti\ccsv6\tools\compiler\c5500_4.4.1\lib\</path>
         <kind>archive</kind>
         <file>rts55x.lib</file>
         <name>llmpy.obj</name>
      </input_file>
      <input_file id="fl-1e">
         <path>C:\ti\ccsv6\tools\compiler\c5500_4.4.1\lib\</path>
         <kind>archive</kind>
         <file>rts55x.lib</file>
         <name>lmpy.obj</name>
      </input_file>
      <input_file id="fl-1f">
         <path>C:\ti\ccsv6\tools\compiler\c5500_4.4.1\lib\</path>
         <kind>archive</kind>
         <file>rts55x.lib</file>
         <name>lowlev.obj</name>
      </input_file>
      <input_file id="fl-20">
         <path>C:\ti\ccsv6\tools\compiler\c5500_4.4.1\lib\</path>
         <kind>archive</kind>
         <file>rts55x.lib</file>
         <name>ltoa.obj</name>
      </input_file>
      <input_file id="fl-21">
         <path>C:\ti\ccsv6\tools\compiler\c5500_4.4.1\lib\</path>
         <kind>archive</kind>
         <file>rts55x.lib</file>
         <name>memccpy.obj</name>
      </input_file>
      <input_file id="fl-22">
         <path>C:\ti\ccsv6\tools\compiler\c5500_4.4.1\lib\</path>
         <kind>archive</kind>
         <file>rts55x.lib</file>
         <name>memcpy.obj</name>
      </input_file>
      <input_file id="fl-23">
         <path>C:\ti\ccsv6\tools\compiler\c5500_4.4.1\lib\</path>
         <kind>archive</kind>
         <file>rts55x.lib</file>
         <name>mpyd.obj</name>
      </input_file>
      <input_file id="fl-24">
         <path>C:\ti\ccsv6\tools\compiler\c5500_4.4.1\lib\</path>
         <kind>archive</kind>
         <file>rts55x.lib</file>
         <name>negd.obj</name>
      </input_file>
      <input_file id="fl-25">
         <path>C:\ti\ccsv6\tools\compiler\c5500_4.4.1\lib\</path>
         <kind>archive</kind>
         <file>rts55x.lib</file>
         <name>remli.obj</name>
      </input_file>
      <input_file id="fl-26">
         <path>C:\ti\ccsv6\tools\compiler\c5500_4.4.1\lib\</path>
         <kind>archive</kind>
         <file>rts55x.lib</file>
         <name>remul.obj</name>
      </input_file>
      <input_file id="fl-27">
         <path>C:\ti\ccsv6\tools\compiler\c5500_4.4.1\lib\</path>
         <kind>archive</kind>
         <file>rts55x.lib</file>
         <name>subd.obj</name>
      </input_file>
      <input_file id="fl-28">
         <path>C:\ti\ccsv6\tools\compiler\c5500_4.4.1\lib\</path>
         <kind>archive</kind>
         <file>rts55x.lib</file>
         <name>trgdrv.obj</name>
      </input_file>
      <input_file id="fl-29">
         <path>C:\ti\ccsv6\tools\compiler\c5500_4.4.1\lib\</path>
         <kind>archive</kind>
         <file>rts55x.lib</file>
         <name>trgmsg.obj</name>
      </input_file>
      <input_file id="fl-2a">
         <path>C:\ti\ccsv6\tools\compiler\c5500_4.4.1\lib\</path>
         <kind>archive</kind>
         <file>rts55x.lib</file>
         <name>udiv.obj</name>
      </input_file>
      <input_file id="fl-2b">
         <path>C:\ti\ccsv6\tools\compiler\c5500_4.4.1\lib\</path>
         <kind>archive</kind>
         <file>rts55x.lib</file>
         <name>_io_perm.obj</name>
      </input_file>
      <input_file id="fl-2c">
         <path>C:\ti\ccsv6\tools\compiler\c5500_4.4.1\lib\</path>
         <kind>archive</kind>
         <file>rts55x.lib</file>
         <name>addd.obj</name>
      </input_file>
      <input_file id="fl-2d">
         <path>C:\ti\ccsv6\tools\compiler\c5500_4.4.1\lib\</path>
         <kind>archive</kind>
         <file>rts55x.lib</file>
         <name>divli.obj</name>
      </input_file>
      <input_file id="fl-2e">
         <path>C:\ti\ccsv6\tools\compiler\c5500_4.4.1\lib\</path>
         <kind>archive</kind>
         <file>rts55x.lib</file>
         <name>fflush.obj</name>
      </input_file>
      <input_file id="fl-2f">
         <path>C:\ti\ccsv6\tools\compiler\c5500_4.4.1\lib\</path>
         <kind>archive</kind>
         <file>rts55x.lib</file>
         <name>frcmpyd.obj</name>
      </input_file>
      <input_file id="fl-30">
         <path>C:\ti\ccsv6\tools\compiler\c5500_4.4.1\lib\</path>
         <kind>archive</kind>
         <file>rts55x.lib</file>
         <name>fseek.obj</name>
      </input_file>
      <input_file id="fl-31">
         <path>C:\ti\ccsv6\tools\compiler\c5500_4.4.1\lib\</path>
         <kind>archive</kind>
         <file>rts55x.lib</file>
         <name>setvbuf.obj</name>
      </input_file>
      <input_file id="fl-32">
         <path>C:\ti\ccsv6\tools\compiler\c5500_4.4.1\lib\</path>
         <kind>archive</kind>
         <file>rts55x.lib</file>
         <name>fopen.obj</name>
      </input_file>
      <input_file id="fl-33">
         <path>C:\ti\ccsv6\tools\compiler\c5500_4.4.1\lib\</path>
         <kind>archive</kind>
         <file>rts55x.lib</file>
         <name>memory.obj</name>
      </input_file>
      <input_file id="fl-34">
         <path>C:\ti\ccsv6\tools\compiler\c5500_4.4.1\lib\</path>
         <kind>archive</kind>
         <file>rts55x.lib</file>
         <name>fclose.obj</name>
      </input_file>
      <input_file id="fl-35">
         <path>C:\ti\ccsv6\tools\compiler\c5500_4.4.1\lib\</path>
         <kind>archive</kind>
         <file>rts55x.lib</file>
         <name>remove.obj</name>
      </input_file>
   </input_file_list>
   <object_component_list>
      <object_component id="oc-37">
         <name>.text</name>
         <load_address>0x20000</load_address>
         <run_address>0x20000</run_address>
         <size>0x15a4</size>
         <input_file_ref idref="fl-d"/>
      </object_component>
      <object_component id="oc-81">
         <name>.text</name>
         <load_address>0x215a4</load_address>
         <run_address>0x215a4</run_address>
         <size>0x543</size>
         <input_file_ref idref="fl-1f"/>
      </object_component>
      <object_component id="oc-a7">
         <name>.text</name>
         <load_address>0x21ae7</load_address>
         <run_address>0x21ae7</run_address>
         <size>0x528</size>
         <input_file_ref idref="fl-28"/>
      </object_component>
      <object_component id="oc-d8">
         <name>.text</name>
         <load_address>0x2200f</load_address>
         <run_address>0x2200f</run_address>
         <size>0x4b5</size>
         <input_file_ref idref="fl-33"/>
      </object_component>
      <object_component id="oc-53">
         <name>.text</name>
         <load_address>0x224c4</load_address>
         <run_address>0x224c4</run_address>
         <size>0x3cc</size>
         <input_file_ref idref="fl-14"/>
      </object_component>
      <object_component id="oc-d2">
         <name>.text</name>
         <load_address>0x22890</load_address>
         <run_address>0x22890</run_address>
         <size>0x27f</size>
         <input_file_ref idref="fl-32"/>
      </object_component>
      <object_component id="oc-79">
         <name>.text</name>
         <load_address>0x22b0f</load_address>
         <run_address>0x22b0f</run_address>
         <size>0x25e</size>
         <input_file_ref idref="fl-1d"/>
      </object_component>
      <object_component id="oc-ba">
         <name>.text</name>
         <load_address>0x22d6d</load_address>
         <run_address>0x22d6d</run_address>
         <size>0x25a</size>
         <input_file_ref idref="fl-2c"/>
      </object_component>
      <object_component id="oc-49">
         <name>.text</name>
         <load_address>0x22fc7</load_address>
         <run_address>0x22fc7</run_address>
         <size>0x1ea</size>
         <input_file_ref idref="fl-11"/>
      </object_component>
      <object_component id="oc-12">
         <name>.text</name>
         <load_address>0x231b1</load_address>
         <run_address>0x231b1</run_address>
         <size>0x17a</size>
         <input_file_ref idref="fl-2"/>
      </object_component>
      <object_component id="oc-6c">
         <name>.text</name>
         <load_address>0x2332b</load_address>
         <run_address>0x2332b</run_address>
         <size>0x163</size>
         <input_file_ref idref="fl-1a"/>
      </object_component>
      <object_component id="oc-93">
         <name>.text</name>
         <load_address>0x2348e</load_address>
         <run_address>0x2348e</run_address>
         <size>0x14c</size>
         <input_file_ref idref="fl-23"/>
      </object_component>
      <object_component id="oc-ce">
         <name>.text</name>
         <load_address>0x235da</load_address>
         <run_address>0x235da</run_address>
         <size>0xe6</size>
         <input_file_ref idref="fl-31"/>
      </object_component>
      <object_component id="oc-b6">
         <name>.text</name>
         <load_address>0x236c0</load_address>
         <run_address>0x236c0</run_address>
         <size>0xdd</size>
         <input_file_ref idref="fl-2b"/>
      </object_component>
      <object_component id="oc-c2">
         <name>.text</name>
         <load_address>0x2379d</load_address>
         <run_address>0x2379d</run_address>
         <size>0xc2</size>
         <input_file_ref idref="fl-2e"/>
      </object_component>
      <object_component id="oc-af">
         <name>.text:CIO_breakpoint</name>
         <load_address>0x2385f</load_address>
         <run_address>0x2385f</run_address>
         <size>0xba</size>
         <input_file_ref idref="fl-29"/>
      </object_component>
      <object_component id="oc-68">
         <name>.text</name>
         <load_address>0x23919</load_address>
         <run_address>0x23919</run_address>
         <size>0xa6</size>
         <input_file_ref idref="fl-19"/>
      </object_component>
      <object_component id="oc-57">
         <name>.text</name>
         <load_address>0x239bf</load_address>
         <run_address>0x239bf</run_address>
         <size>0xa1</size>
         <input_file_ref idref="fl-15"/>
      </object_component>
      <object_component id="oc-87">
         <name>.text</name>
         <load_address>0x23a60</load_address>
         <run_address>0x23a60</run_address>
         <size>0x7d</size>
         <input_file_ref idref="fl-20"/>
      </object_component>
      <object_component id="oc-df">
         <name>.text</name>
         <load_address>0x23add</load_address>
         <run_address>0x23add</run_address>
         <size>0x7b</size>
         <input_file_ref idref="fl-34"/>
      </object_component>
      <object_component id="oc-c6">
         <name>.text</name>
         <load_address>0x23b58</load_address>
         <run_address>0x23b58</run_address>
         <size>0x76</size>
         <input_file_ref idref="fl-2f"/>
      </object_component>
      <object_component id="oc-71">
         <name>.text</name>
         <load_address>0x23bce</load_address>
         <run_address>0x23bce</run_address>
         <size>0x73</size>
         <input_file_ref idref="fl-1b"/>
      </object_component>
      <object_component id="oc-9f">
         <name>.text</name>
         <load_address>0x23c41</load_address>
         <run_address>0x23c41</run_address>
         <size>0x72</size>
         <input_file_ref idref="fl-26"/>
      </object_component>
      <object_component id="oc-5f">
         <name>.text</name>
         <load_address>0x23cb3</load_address>
         <run_address>0x23cb3</run_address>
         <size>0x6f</size>
         <input_file_ref idref="fl-17"/>
      </object_component>
      <object_component id="oc-ac">
         <name>.text</name>
         <load_address>0x23d22</load_address>
         <run_address>0x23d22</run_address>
         <size>0x6d</size>
         <input_file_ref idref="fl-29"/>
      </object_component>
      <object_component id="oc-ca">
         <name>.text</name>
         <load_address>0x23d8f</load_address>
         <run_address>0x23d8f</run_address>
         <size>0x6b</size>
         <input_file_ref idref="fl-30"/>
      </object_component>
      <object_component id="oc-63">
         <name>.text</name>
         <load_address>0x23dfa</load_address>
         <run_address>0x23dfa</run_address>
         <size>0x67</size>
         <input_file_ref idref="fl-18"/>
      </object_component>
      <object_component id="oc-41">
         <name>.text</name>
         <load_address>0x23e61</load_address>
         <run_address>0x23e61</run_address>
         <size>0x5c</size>
         <input_file_ref idref="fl-f"/>
      </object_component>
      <object_component id="oc-29">
         <name>.text</name>
         <load_address>0x23ebd</load_address>
         <run_address>0x23ebd</run_address>
         <size>0x50</size>
         <input_file_ref idref="fl-a"/>
      </object_component>
      <object_component id="oc-45">
         <name>.text</name>
         <load_address>0x23f0d</load_address>
         <run_address>0x23f0d</run_address>
         <size>0x4d</size>
         <input_file_ref idref="fl-10"/>
      </object_component>
      <object_component id="oc-3d">
         <name>.text</name>
         <load_address>0x23f5a</load_address>
         <run_address>0x23f5a</run_address>
         <size>0x4b</size>
         <input_file_ref idref="fl-e"/>
      </object_component>
      <object_component id="oc-9b">
         <name>.text</name>
         <load_address>0x23fa5</load_address>
         <run_address>0x23fa5</run_address>
         <size>0x4b</size>
         <input_file_ref idref="fl-25"/>
      </object_component>
      <object_component id="oc-be">
         <name>.text</name>
         <load_address>0x23ff0</load_address>
         <run_address>0x23ff0</run_address>
         <size>0x48</size>
         <input_file_ref idref="fl-2d"/>
      </object_component>
      <object_component id="oc-1a">
         <name>.text</name>
         <load_address>0x24038</load_address>
         <run_address>0x24038</run_address>
         <size>0x42</size>
         <input_file_ref idref="fl-7"/>
      </object_component>
      <object_component id="oc-8f">
         <name>.text</name>
         <load_address>0x2407a</load_address>
         <run_address>0x2407a</run_address>
         <size>0x3f</size>
         <input_file_ref idref="fl-22"/>
      </object_component>
      <object_component id="oc-22">
         <name>.text</name>
         <load_address>0x240b9</load_address>
         <run_address>0x240b9</run_address>
         <size>0x3e</size>
         <input_file_ref idref="fl-9"/>
      </object_component>
      <object_component id="oc-10">
         <name>.text</name>
         <load_address>0x240f7</load_address>
         <run_address>0x240f7</run_address>
         <size>0x34</size>
         <input_file_ref idref="fl-8"/>
      </object_component>
      <object_component id="oc-5b">
         <name>.text</name>
         <load_address>0x2412b</load_address>
         <run_address>0x2412b</run_address>
         <size>0x2a</size>
         <input_file_ref idref="fl-16"/>
      </object_component>
      <object_component id="oc-b2">
         <name>.text</name>
         <load_address>0x24155</load_address>
         <run_address>0x24155</run_address>
         <size>0x2a</size>
         <input_file_ref idref="fl-2a"/>
      </object_component>
      <object_component id="oc-8b">
         <name>.text</name>
         <load_address>0x2417f</load_address>
         <run_address>0x2417f</run_address>
         <size>0x23</size>
         <input_file_ref idref="fl-21"/>
      </object_component>
      <object_component id="oc-75">
         <name>.text</name>
         <load_address>0x241a2</load_address>
         <run_address>0x241a2</run_address>
         <size>0x1a</size>
         <input_file_ref idref="fl-1c"/>
      </object_component>
      <object_component id="oc-a3">
         <name>.text</name>
         <load_address>0x241bc</load_address>
         <run_address>0x241bc</run_address>
         <size>0x14</size>
         <input_file_ref idref="fl-27"/>
      </object_component>
      <object_component id="oc-7d">
         <name>.text</name>
         <load_address>0x241d0</load_address>
         <run_address>0x241d0</run_address>
         <size>0x13</size>
         <input_file_ref idref="fl-1e"/>
      </object_component>
      <object_component id="oc-31">
         <name>.text</name>
         <load_address>0x241e3</load_address>
         <run_address>0x241e3</run_address>
         <size>0x12</size>
         <input_file_ref idref="fl-c"/>
      </object_component>
      <object_component id="oc-97">
         <name>.text</name>
         <load_address>0x241f5</load_address>
         <run_address>0x241f5</run_address>
         <size>0x10</size>
         <input_file_ref idref="fl-24"/>
      </object_component>
      <object_component id="oc-e3">
         <name>.text</name>
         <load_address>0x24205</load_address>
         <run_address>0x24205</run_address>
         <size>0xa</size>
         <input_file_ref idref="fl-35"/>
      </object_component>
      <object_component id="oc-26">
         <name>.text:CIO_breakpoint</name>
         <load_address>0x2420f</load_address>
         <run_address>0x2420f</run_address>
         <size>0x7</size>
         <input_file_ref idref="fl-9"/>
      </object_component>
      <object_component id="oc-2d">
         <name>.text</name>
         <load_address>0x24216</load_address>
         <run_address>0x24216</run_address>
         <size>0x2</size>
         <input_file_ref idref="fl-b"/>
      </object_component>
      <object_component id="oc-1e">
         <name>.stack</name>
         <uninitialized>true</uninitialized>
         <run_address>0xc0</run_address>
         <size>0x0</size>
         <input_file_ref idref="fl-8"/>
      </object_component>
      <object_component id="oc-101">
         <name>.stack</name>
         <uninitialized>true</uninitialized>
         <run_address>0xc0</run_address>
         <size>0x0</size>
      </object_component>
      <object_component id="oc-e7">
         <name>.sysstack</name>
         <uninitialized>true</uninitialized>
         <run_address>0x20c0</run_address>
         <size>0x0</size>
         <input_file_ref idref="fl-8"/>
      </object_component>
      <object_component id="oc-103">
         <name>.sysstack</name>
         <uninitialized>true</uninitialized>
         <run_address>0x20c0</run_address>
         <size>0x0</size>
      </object_component>
      <object_component id="oc-4f">
         <name>.bss</name>
         <uninitialized>true</uninitialized>
         <run_address>0x50c0</run_address>
         <size>0x232</size>
         <input_file_ref idref="fl-13"/>
      </object_component>
      <object_component id="oc-a8">
         <name>.bss</name>
         <uninitialized>true</uninitialized>
         <run_address>0x52f2</run_address>
         <size>0x1a0</size>
         <input_file_ref idref="fl-28"/>
      </object_component>
      <object_component id="oc-d3">
         <name>.bss</name>
         <uninitialized>true</uninitialized>
         <run_address>0x5492</run_address>
         <size>0x2</size>
         <input_file_ref idref="fl-32"/>
      </object_component>
      <object_component id="oc-82">
         <name>.bss</name>
         <uninitialized>true</uninitialized>
         <run_address>0x5494</run_address>
         <size>0xe2</size>
         <input_file_ref idref="fl-1f"/>
      </object_component>
      <object_component id="oc-13">
         <name>.bss</name>
         <uninitialized>true</uninitialized>
         <run_address>0x5576</run_address>
         <size>0x56</size>
         <input_file_ref idref="fl-2"/>
      </object_component>
      <object_component id="oc-d9">
         <name>.bss</name>
         <uninitialized>true</uninitialized>
         <run_address>0x55cc</run_address>
         <size>0xc</size>
         <input_file_ref idref="fl-33"/>
      </object_component>
      <object_component id="oc-32">
         <name>.bss</name>
         <uninitialized>true</uninitialized>
         <run_address>0x55d8</run_address>
         <size>0x8</size>
         <input_file_ref idref="fl-c"/>
      </object_component>
      <object_component id="oc-23">
         <name>.bss</name>
         <uninitialized>true</uninitialized>
         <run_address>0x55e0</run_address>
         <size>0x8</size>
         <input_file_ref idref="fl-9"/>
      </object_component>
      <object_component id="oc-e8">
         <name>.const:__ctypes_</name>
         <load_address>0x55e8</load_address>
         <run_address>0x55e8</run_address>
         <size>0x202</size>
         <input_file_ref idref="fl-12"/>
      </object_component>
      <object_component id="oc-16">
         <name>.const:.string</name>
         <load_address>0x57ec</load_address>
         <run_address>0x57ec</run_address>
         <size>0x10a</size>
         <input_file_ref idref="fl-2"/>
      </object_component>
      <object_component id="oc-3a">
         <name>.const:.string</name>
         <load_address>0x58f8</load_address>
         <run_address>0x58f8</run_address>
         <size>0x48</size>
         <input_file_ref idref="fl-d"/>
      </object_component>
      <object_component id="oc-39">
         <name>.const</name>
         <load_address>0x5940</load_address>
         <run_address>0x5940</run_address>
         <size>0x18</size>
         <input_file_ref idref="fl-d"/>
      </object_component>
      <object_component id="oc-e9">
         <name>.const:_initial_approx$1</name>
         <load_address>0x5958</load_address>
         <run_address>0x5958</run_address>
         <size>0x10</size>
         <input_file_ref idref="fl-14"/>
      </object_component>
      <object_component id="oc-6e">
         <name>.const:.string</name>
         <load_address>0x5968</load_address>
         <run_address>0x5968</run_address>
         <size>0x4</size>
         <input_file_ref idref="fl-1a"/>
      </object_component>
      <object_component id="oc-65">
         <name>.const</name>
         <load_address>0x596c</load_address>
         <run_address>0x596c</run_address>
         <size>0x4</size>
         <input_file_ref idref="fl-18"/>
      </object_component>
      <object_component id="oc-dc">
         <name>.sysmem</name>
         <uninitialized>true</uninitialized>
         <run_address>0x30c0</run_address>
         <size>0x0</size>
         <input_file_ref idref="fl-33"/>
      </object_component>
      <object_component id="oc-102">
         <name>.sysmem</name>
         <uninitialized>true</uninitialized>
         <run_address>0x30c0</run_address>
         <size>0x0</size>
      </object_component>
      <object_component id="oc-15">
         <name>.cinit</name>
         <load_address>0x40240</load_address>
         <run_address>0x40240</run_address>
         <size>0x5e</size>
         <input_file_ref idref="fl-2"/>
      </object_component>
      <object_component id="oc-84">
         <name>.cinit</name>
         <load_address>0x4029e</load_address>
         <run_address>0x4029e</run_address>
         <size>0x5a</size>
         <input_file_ref idref="fl-1f"/>
      </object_component>
      <object_component id="oc-51">
         <name>.cinit</name>
         <load_address>0x402f8</load_address>
         <run_address>0x402f8</run_address>
         <size>0x54</size>
         <input_file_ref idref="fl-13"/>
      </object_component>
      <object_component id="oc-34">
         <name>.cinit</name>
         <load_address>0x4034c</load_address>
         <run_address>0x4034c</run_address>
         <size>0x14</size>
         <input_file_ref idref="fl-c"/>
      </object_component>
      <object_component id="oc-25">
         <name>.cinit</name>
         <load_address>0x40360</load_address>
         <run_address>0x40360</run_address>
         <size>0x14</size>
         <input_file_ref idref="fl-9"/>
      </object_component>
      <object_component id="oc-d5">
         <name>.cinit</name>
         <load_address>0x40374</load_address>
         <run_address>0x40374</run_address>
         <size>0x8</size>
         <input_file_ref idref="fl-32"/>
      </object_component>
      <object_component id="oc-db">
         <name>.cinit</name>
         <load_address>0x4037c</load_address>
         <run_address>0x4037c</run_address>
         <size>0x8</size>
         <input_file_ref idref="fl-33"/>
      </object_component>
      <object_component id="oc-ae">
         <name>.cio</name>
         <uninitialized>true</uninitialized>
         <run_address>0x40000</run_address>
         <size>0x240</size>
         <input_file_ref idref="fl-29"/>
      </object_component>
      <object_component id="oc-11">
         <name>vectors</name>
         <load_address>0x4fe00</load_address>
         <run_address>0x4fe00</run_address>
         <size>0x100</size>
         <input_file_ref idref="fl-b"/>
      </object_component>
      <object_component id="oc-14">
         <name>.debug_info</name>
         <load_address>0x0</load_address>
         <run_address>0x0</run_address>
         <size>0x95f</size>
         <input_file_ref idref="fl-2"/>
      </object_component>
      <object_component id="oc-1b">
         <name>.debug_info</name>
         <load_address>0x95f</load_address>
         <run_address>0x95f</run_address>
         <size>0xd2</size>
         <input_file_ref idref="fl-7"/>
      </object_component>
      <object_component id="oc-1f">
         <name>.debug_info</name>
         <load_address>0xa31</load_address>
         <run_address>0xa31</run_address>
         <size>0xe8</size>
         <input_file_ref idref="fl-8"/>
      </object_component>
      <object_component id="oc-24">
         <name>.debug_info</name>
         <load_address>0xb19</load_address>
         <run_address>0xb19</run_address>
         <size>0x5fb</size>
         <input_file_ref idref="fl-9"/>
      </object_component>
      <object_component id="oc-2a">
         <name>.debug_info</name>
         <load_address>0x1114</load_address>
         <run_address>0x1114</run_address>
         <size>0x76c</size>
         <input_file_ref idref="fl-a"/>
      </object_component>
      <object_component id="oc-2e">
         <name>.debug_info</name>
         <load_address>0x1880</load_address>
         <run_address>0x1880</run_address>
         <size>0xbc</size>
         <input_file_ref idref="fl-b"/>
      </object_component>
      <object_component id="oc-33">
         <name>.debug_info</name>
         <load_address>0x193c</load_address>
         <run_address>0x193c</run_address>
         <size>0x5bc</size>
         <input_file_ref idref="fl-c"/>
      </object_component>
      <object_component id="oc-38">
         <name>.debug_info</name>
         <load_address>0x1ef8</load_address>
         <run_address>0x1ef8</run_address>
         <size>0x27bd</size>
         <input_file_ref idref="fl-d"/>
      </object_component>
      <object_component id="oc-3e">
         <name>.debug_info</name>
         <load_address>0x46b5</load_address>
         <run_address>0x46b5</run_address>
         <size>0x586</size>
         <input_file_ref idref="fl-e"/>
      </object_component>
      <object_component id="oc-42">
         <name>.debug_info</name>
         <load_address>0x4c3b</load_address>
         <run_address>0x4c3b</run_address>
         <size>0x5a4</size>
         <input_file_ref idref="fl-f"/>
      </object_component>
      <object_component id="oc-46">
         <name>.debug_info</name>
         <load_address>0x51df</load_address>
         <run_address>0x51df</run_address>
         <size>0xcd</size>
         <input_file_ref idref="fl-10"/>
      </object_component>
      <object_component id="oc-4a">
         <name>.debug_info</name>
         <load_address>0x52ac</load_address>
         <run_address>0x52ac</run_address>
         <size>0x81f</size>
         <input_file_ref idref="fl-11"/>
      </object_component>
      <object_component id="oc-4d">
         <name>.debug_info</name>
         <load_address>0x5acb</load_address>
         <run_address>0x5acb</run_address>
         <size>0x498</size>
         <input_file_ref idref="fl-12"/>
      </object_component>
      <object_component id="oc-50">
         <name>.debug_info</name>
         <load_address>0x5f63</load_address>
         <run_address>0x5f63</run_address>
         <size>0x57e</size>
         <input_file_ref idref="fl-13"/>
      </object_component>
      <object_component id="oc-54">
         <name>.debug_info</name>
         <load_address>0x64e1</load_address>
         <run_address>0x64e1</run_address>
         <size>0x7e8</size>
         <input_file_ref idref="fl-14"/>
      </object_component>
      <object_component id="oc-58">
         <name>.debug_info</name>
         <load_address>0x6cc9</load_address>
         <run_address>0x6cc9</run_address>
         <size>0x534</size>
         <input_file_ref idref="fl-15"/>
      </object_component>
      <object_component id="oc-5c">
         <name>.debug_info</name>
         <load_address>0x71fd</load_address>
         <run_address>0x71fd</run_address>
         <size>0x4cf</size>
         <input_file_ref idref="fl-16"/>
      </object_component>
      <object_component id="oc-60">
         <name>.debug_info</name>
         <load_address>0x76cc</load_address>
         <run_address>0x76cc</run_address>
         <size>0x534</size>
         <input_file_ref idref="fl-17"/>
      </object_component>
      <object_component id="oc-64">
         <name>.debug_info</name>
         <load_address>0x7c00</load_address>
         <run_address>0x7c00</run_address>
         <size>0x549</size>
         <input_file_ref idref="fl-18"/>
      </object_component>
      <object_component id="oc-69">
         <name>.debug_info</name>
         <load_address>0x8149</load_address>
         <run_address>0x8149</run_address>
         <size>0x6aa</size>
         <input_file_ref idref="fl-19"/>
      </object_component>
      <object_component id="oc-6d">
         <name>.debug_info</name>
         <load_address>0x87f3</load_address>
         <run_address>0x87f3</run_address>
         <size>0x942</size>
         <input_file_ref idref="fl-1a"/>
      </object_component>
      <object_component id="oc-72">
         <name>.debug_info</name>
         <load_address>0x9135</load_address>
         <run_address>0x9135</run_address>
         <size>0x53e</size>
         <input_file_ref idref="fl-1b"/>
      </object_component>
      <object_component id="oc-76">
         <name>.debug_info</name>
         <load_address>0x9673</load_address>
         <run_address>0x9673</run_address>
         <size>0x680</size>
         <input_file_ref idref="fl-1c"/>
      </object_component>
      <object_component id="oc-7a">
         <name>.debug_info</name>
         <load_address>0x9cf3</load_address>
         <run_address>0x9cf3</run_address>
         <size>0x7d4</size>
         <input_file_ref idref="fl-1d"/>
      </object_component>
      <object_component id="oc-7e">
         <name>.debug_info</name>
         <load_address>0xa4c7</load_address>
         <run_address>0xa4c7</run_address>
         <size>0xbd</size>
         <input_file_ref idref="fl-1e"/>
      </object_component>
      <object_component id="oc-83">
         <name>.debug_info</name>
         <load_address>0xa584</load_address>
         <run_address>0xa584</run_address>
         <size>0x144b</size>
         <input_file_ref idref="fl-1f"/>
      </object_component>
      <object_component id="oc-88">
         <name>.debug_info</name>
         <load_address>0xb9cf</load_address>
         <run_address>0xb9cf</run_address>
         <size>0x5ad</size>
         <input_file_ref idref="fl-20"/>
      </object_component>
      <object_component id="oc-8c">
         <name>.debug_info</name>
         <load_address>0xbf7c</load_address>
         <run_address>0xbf7c</run_address>
         <size>0x574</size>
         <input_file_ref idref="fl-21"/>
      </object_component>
      <object_component id="oc-90">
         <name>.debug_info</name>
         <load_address>0xc4f0</load_address>
         <run_address>0xc4f0</run_address>
         <size>0xd1</size>
         <input_file_ref idref="fl-22"/>
      </object_component>
      <object_component id="oc-94">
         <name>.debug_info</name>
         <load_address>0xc5c1</load_address>
         <run_address>0xc5c1</run_address>
         <size>0x55b</size>
         <input_file_ref idref="fl-23"/>
      </object_component>
      <object_component id="oc-98">
         <name>.debug_info</name>
         <load_address>0xcb1c</load_address>
         <run_address>0xcb1c</run_address>
         <size>0x4b7</size>
         <input_file_ref idref="fl-24"/>
      </object_component>
      <object_component id="oc-9c">
         <name>.debug_info</name>
         <load_address>0xcfd3</load_address>
         <run_address>0xcfd3</run_address>
         <size>0x4f2</size>
         <input_file_ref idref="fl-25"/>
      </object_component>
      <object_component id="oc-a0">
         <name>.debug_info</name>
         <load_address>0xd4c5</load_address>
         <run_address>0xd4c5</run_address>
         <size>0x534</size>
         <input_file_ref idref="fl-26"/>
      </object_component>
      <object_component id="oc-a4">
         <name>.debug_info</name>
         <load_address>0xd9f9</load_address>
         <run_address>0xd9f9</run_address>
         <size>0x4de</size>
         <input_file_ref idref="fl-27"/>
      </object_component>
      <object_component id="oc-a9">
         <name>.debug_info</name>
         <load_address>0xded7</load_address>
         <run_address>0xded7</run_address>
         <size>0xed4</size>
         <input_file_ref idref="fl-28"/>
      </object_component>
      <object_component id="oc-ad">
         <name>.debug_info</name>
         <load_address>0xedab</load_address>
         <run_address>0xedab</run_address>
         <size>0x744</size>
         <input_file_ref idref="fl-29"/>
      </object_component>
      <object_component id="oc-b3">
         <name>.debug_info</name>
         <load_address>0xf4ef</load_address>
         <run_address>0xf4ef</run_address>
         <size>0xef</size>
         <input_file_ref idref="fl-2a"/>
      </object_component>
      <object_component id="oc-b7">
         <name>.debug_info</name>
         <load_address>0xf5de</load_address>
         <run_address>0xf5de</run_address>
         <size>0x662</size>
         <input_file_ref idref="fl-2b"/>
      </object_component>
      <object_component id="oc-bb">
         <name>.debug_info</name>
         <load_address>0xfc40</load_address>
         <run_address>0xfc40</run_address>
         <size>0x5ab</size>
         <input_file_ref idref="fl-2c"/>
      </object_component>
      <object_component id="oc-bf">
         <name>.debug_info</name>
         <load_address>0x101eb</load_address>
         <run_address>0x101eb</run_address>
         <size>0x4f2</size>
         <input_file_ref idref="fl-2d"/>
      </object_component>
      <object_component id="oc-c3">
         <name>.debug_info</name>
         <load_address>0x106dd</load_address>
         <run_address>0x106dd</run_address>
         <size>0x706</size>
         <input_file_ref idref="fl-2e"/>
      </object_component>
      <object_component id="oc-c7">
         <name>.debug_info</name>
         <load_address>0x10de3</load_address>
         <run_address>0x10de3</run_address>
         <size>0x4d2</size>
         <input_file_ref idref="fl-2f"/>
      </object_component>
      <object_component id="oc-cb">
         <name>.debug_info</name>
         <load_address>0x112b5</load_address>
         <run_address>0x112b5</run_address>
         <size>0x5f7</size>
         <input_file_ref idref="fl-30"/>
      </object_component>
      <object_component id="oc-cf">
         <name>.debug_info</name>
         <load_address>0x118ac</load_address>
         <run_address>0x118ac</run_address>
         <size>0x64a</size>
         <input_file_ref idref="fl-31"/>
      </object_component>
      <object_component id="oc-d4">
         <name>.debug_info</name>
         <load_address>0x11ef6</load_address>
         <run_address>0x11ef6</run_address>
         <size>0xa1c</size>
         <input_file_ref idref="fl-32"/>
      </object_component>
      <object_component id="oc-da">
         <name>.debug_info</name>
         <load_address>0x12912</load_address>
         <run_address>0x12912</run_address>
         <size>0xb97</size>
         <input_file_ref idref="fl-33"/>
      </object_component>
      <object_component id="oc-e0">
         <name>.debug_info</name>
         <load_address>0x134a9</load_address>
         <run_address>0x134a9</run_address>
         <size>0x64f</size>
         <input_file_ref idref="fl-34"/>
      </object_component>
      <object_component id="oc-e4">
         <name>.debug_info</name>
         <load_address>0x13af8</load_address>
         <run_address>0x13af8</run_address>
         <size>0x510</size>
         <input_file_ref idref="fl-35"/>
      </object_component>
      <object_component id="oc-10a">
         <name>.debug_info</name>
         <load_address>0x14008</load_address>
         <run_address>0x14008</run_address>
         <size>0x6e</size>
      </object_component>
      <object_component id="oc-17">
         <name>.debug_frame</name>
         <load_address>0x0</load_address>
         <run_address>0x0</run_address>
         <size>0x119</size>
         <input_file_ref idref="fl-2"/>
      </object_component>
      <object_component id="oc-18">
         <name>.debug_line</name>
         <load_address>0x0</load_address>
         <run_address>0x0</run_address>
         <size>0xda</size>
         <input_file_ref idref="fl-2"/>
      </object_component>
      <object_component id="oc-1c">
         <name>.debug_line</name>
         <load_address>0xda</load_address>
         <run_address>0xda</run_address>
         <size>0x4e</size>
         <input_file_ref idref="fl-7"/>
      </object_component>
      <object_component id="oc-20">
         <name>.debug_line</name>
         <load_address>0x128</load_address>
         <run_address>0x128</run_address>
         <size>0x54</size>
         <input_file_ref idref="fl-8"/>
      </object_component>
      <object_component id="oc-27">
         <name>.debug_line</name>
         <load_address>0x17c</load_address>
         <run_address>0x17c</run_address>
         <size>0x51</size>
         <input_file_ref idref="fl-9"/>
      </object_component>
      <object_component id="oc-2b">
         <name>.debug_line</name>
         <load_address>0x1cd</load_address>
         <run_address>0x1cd</run_address>
         <size>0x69</size>
         <input_file_ref idref="fl-a"/>
      </object_component>
      <object_component id="oc-2f">
         <name>.debug_line</name>
         <load_address>0x236</load_address>
         <run_address>0x236</run_address>
         <size>0x37</size>
         <input_file_ref idref="fl-b"/>
      </object_component>
      <object_component id="oc-35">
         <name>.debug_line</name>
         <load_address>0x26d</load_address>
         <run_address>0x26d</run_address>
         <size>0x57</size>
         <input_file_ref idref="fl-c"/>
      </object_component>
      <object_component id="oc-3b">
         <name>.debug_line</name>
         <load_address>0x2c4</load_address>
         <run_address>0x2c4</run_address>
         <size>0x328</size>
         <input_file_ref idref="fl-d"/>
      </object_component>
      <object_component id="oc-3f">
         <name>.debug_line</name>
         <load_address>0x5ec</load_address>
         <run_address>0x5ec</run_address>
         <size>0x41</size>
         <input_file_ref idref="fl-e"/>
      </object_component>
      <object_component id="oc-43">
         <name>.debug_line</name>
         <load_address>0x62d</load_address>
         <run_address>0x62d</run_address>
         <size>0x46</size>
         <input_file_ref idref="fl-f"/>
      </object_component>
      <object_component id="oc-47">
         <name>.debug_line</name>
         <load_address>0x673</load_address>
         <run_address>0x673</run_address>
         <size>0x55</size>
         <input_file_ref idref="fl-10"/>
      </object_component>
      <object_component id="oc-4b">
         <name>.debug_line</name>
         <load_address>0x6c8</load_address>
         <run_address>0x6c8</run_address>
         <size>0xad</size>
         <input_file_ref idref="fl-11"/>
      </object_component>
      <object_component id="oc-55">
         <name>.debug_line</name>
         <load_address>0x775</load_address>
         <run_address>0x775</run_address>
         <size>0x5b</size>
         <input_file_ref idref="fl-14"/>
      </object_component>
      <object_component id="oc-59">
         <name>.debug_line</name>
         <load_address>0x7d0</load_address>
         <run_address>0x7d0</run_address>
         <size>0x44</size>
         <input_file_ref idref="fl-15"/>
      </object_component>
      <object_component id="oc-5d">
         <name>.debug_line</name>
         <load_address>0x814</load_address>
         <run_address>0x814</run_address>
         <size>0x3d</size>
         <input_file_ref idref="fl-16"/>
      </object_component>
      <object_component id="oc-61">
         <name>.debug_line</name>
         <load_address>0x851</load_address>
         <run_address>0x851</run_address>
         <size>0x3d</size>
         <input_file_ref idref="fl-17"/>
      </object_component>
      <object_component id="oc-66">
         <name>.debug_line</name>
         <load_address>0x88e</load_address>
         <run_address>0x88e</run_address>
         <size>0x44</size>
         <input_file_ref idref="fl-18"/>
      </object_component>
      <object_component id="oc-6a">
         <name>.debug_line</name>
         <load_address>0x8d2</load_address>
         <run_address>0x8d2</run_address>
         <size>0x56</size>
         <input_file_ref idref="fl-19"/>
      </object_component>
      <object_component id="oc-6f">
         <name>.debug_line</name>
         <load_address>0x928</load_address>
         <run_address>0x928</run_address>
         <size>0xa8</size>
         <input_file_ref idref="fl-1a"/>
      </object_component>
      <object_component id="oc-73">
         <name>.debug_line</name>
         <load_address>0x9d0</load_address>
         <run_address>0x9d0</run_address>
         <size>0x40</size>
         <input_file_ref idref="fl-1b"/>
      </object_component>
      <object_component id="oc-77">
         <name>.debug_line</name>
         <load_address>0xa10</load_address>
         <run_address>0xa10</run_address>
         <size>0x38</size>
         <input_file_ref idref="fl-1c"/>
      </object_component>
      <object_component id="oc-7b">
         <name>.debug_line</name>
         <load_address>0xa48</load_address>
         <run_address>0xa48</run_address>
         <size>0xa8</size>
         <input_file_ref idref="fl-1d"/>
      </object_component>
      <object_component id="oc-7f">
         <name>.debug_line</name>
         <load_address>0xaf0</load_address>
         <run_address>0xaf0</run_address>
         <size>0x3c</size>
         <input_file_ref idref="fl-1e"/>
      </object_component>
      <object_component id="oc-85">
         <name>.debug_line</name>
         <load_address>0xb2c</load_address>
         <run_address>0xb2c</run_address>
         <size>0x1b0</size>
         <input_file_ref idref="fl-1f"/>
      </object_component>
      <object_component id="oc-89">
         <name>.debug_line</name>
         <load_address>0xcdc</load_address>
         <run_address>0xcdc</run_address>
         <size>0x40</size>
         <input_file_ref idref="fl-20"/>
      </object_component>
      <object_component id="oc-8d">
         <name>.debug_line</name>
         <load_address>0xd1c</load_address>
         <run_address>0xd1c</run_address>
         <size>0x3c</size>
         <input_file_ref idref="fl-21"/>
      </object_component>
      <object_component id="oc-91">
         <name>.debug_line</name>
         <load_address>0xd58</load_address>
         <run_address>0xd58</run_address>
         <size>0x4d</size>
         <input_file_ref idref="fl-22"/>
      </object_component>
      <object_component id="oc-95">
         <name>.debug_line</name>
         <load_address>0xda5</load_address>
         <run_address>0xda5</run_address>
         <size>0x3c</size>
         <input_file_ref idref="fl-23"/>
      </object_component>
      <object_component id="oc-99">
         <name>.debug_line</name>
         <load_address>0xde1</load_address>
         <run_address>0xde1</run_address>
         <size>0x37</size>
         <input_file_ref idref="fl-24"/>
      </object_component>
      <object_component id="oc-9d">
         <name>.debug_line</name>
         <load_address>0xe18</load_address>
         <run_address>0xe18</run_address>
         <size>0x3c</size>
         <input_file_ref idref="fl-25"/>
      </object_component>
      <object_component id="oc-a1">
         <name>.debug_line</name>
         <load_address>0xe54</load_address>
         <run_address>0xe54</run_address>
         <size>0x44</size>
         <input_file_ref idref="fl-26"/>
      </object_component>
      <object_component id="oc-a5">
         <name>.debug_line</name>
         <load_address>0xe98</load_address>
         <run_address>0xe98</run_address>
         <size>0x37</size>
         <input_file_ref idref="fl-27"/>
      </object_component>
      <object_component id="oc-aa">
         <name>.debug_line</name>
         <load_address>0xecf</load_address>
         <run_address>0xecf</run_address>
         <size>0x15d</size>
         <input_file_ref idref="fl-28"/>
      </object_component>
      <object_component id="oc-b0">
         <name>.debug_line</name>
         <load_address>0x102c</load_address>
         <run_address>0x102c</run_address>
         <size>0x6a</size>
         <input_file_ref idref="fl-29"/>
      </object_component>
      <object_component id="oc-b4">
         <name>.debug_line</name>
         <load_address>0x1096</load_address>
         <run_address>0x1096</run_address>
         <size>0x58</size>
         <input_file_ref idref="fl-2a"/>
      </object_component>
      <object_component id="oc-b8">
         <name>.debug_line</name>
         <load_address>0x10ee</load_address>
         <run_address>0x10ee</run_address>
         <size>0x57</size>
         <input_file_ref idref="fl-2b"/>
      </object_component>
      <object_component id="oc-bc">
         <name>.debug_line</name>
         <load_address>0x1145</load_address>
         <run_address>0x1145</run_address>
         <size>0x5c</size>
         <input_file_ref idref="fl-2c"/>
      </object_component>
      <object_component id="oc-c0">
         <name>.debug_line</name>
         <load_address>0x11a1</load_address>
         <run_address>0x11a1</run_address>
         <size>0x3c</size>
         <input_file_ref idref="fl-2d"/>
      </object_component>
      <object_component id="oc-c4">
         <name>.debug_line</name>
         <load_address>0x11dd</load_address>
         <run_address>0x11dd</run_address>
         <size>0x5b</size>
         <input_file_ref idref="fl-2e"/>
      </object_component>
      <object_component id="oc-c8">
         <name>.debug_line</name>
         <load_address>0x1238</load_address>
         <run_address>0x1238</run_address>
         <size>0x3a</size>
         <input_file_ref idref="fl-2f"/>
      </object_component>
      <object_component id="oc-cc">
         <name>.debug_line</name>
         <load_address>0x1272</load_address>
         <run_address>0x1272</run_address>
         <size>0x3c</size>
         <input_file_ref idref="fl-30"/>
      </object_component>
      <object_component id="oc-d0">
         <name>.debug_line</name>
         <load_address>0x12ae</load_address>
         <run_address>0x12ae</run_address>
         <size>0x3f</size>
         <input_file_ref idref="fl-31"/>
      </object_component>
      <object_component id="oc-d6">
         <name>.debug_line</name>
         <load_address>0x12ed</load_address>
         <run_address>0x12ed</run_address>
         <size>0xd7</size>
         <input_file_ref idref="fl-32"/>
      </object_component>
      <object_component id="oc-dd">
         <name>.debug_line</name>
         <load_address>0x13c4</load_address>
         <run_address>0x13c4</run_address>
         <size>0x112</size>
         <input_file_ref idref="fl-33"/>
      </object_component>
      <object_component id="oc-e1">
         <name>.debug_line</name>
         <load_address>0x14d6</load_address>
         <run_address>0x14d6</run_address>
         <size>0x3d</size>
         <input_file_ref idref="fl-34"/>
      </object_component>
      <object_component id="oc-e5">
         <name>.debug_line</name>
         <load_address>0x1513</load_address>
         <run_address>0x1513</run_address>
         <size>0x39</size>
         <input_file_ref idref="fl-35"/>
      </object_component>
      <object_component id="oc-19">
         <name>.debug_abbrev</name>
         <load_address>0x0</load_address>
         <run_address>0x0</run_address>
         <size>0x139</size>
         <input_file_ref idref="fl-2"/>
      </object_component>
      <object_component id="oc-1d">
         <name>.debug_abbrev</name>
         <load_address>0x139</load_address>
         <run_address>0x139</run_address>
         <size>0x2c</size>
         <input_file_ref idref="fl-7"/>
      </object_component>
      <object_component id="oc-21">
         <name>.debug_abbrev</name>
         <load_address>0x165</load_address>
         <run_address>0x165</run_address>
         <size>0x3a</size>
         <input_file_ref idref="fl-8"/>
      </object_component>
      <object_component id="oc-28">
         <name>.debug_abbrev</name>
         <load_address>0x19f</load_address>
         <run_address>0x19f</run_address>
         <size>0xf7</size>
         <input_file_ref idref="fl-9"/>
      </object_component>
      <object_component id="oc-2c">
         <name>.debug_abbrev</name>
         <load_address>0x296</load_address>
         <run_address>0x296</run_address>
         <size>0x145</size>
         <input_file_ref idref="fl-a"/>
      </object_component>
      <object_component id="oc-30">
         <name>.debug_abbrev</name>
         <load_address>0x3db</load_address>
         <run_address>0x3db</run_address>
         <size>0x26</size>
         <input_file_ref idref="fl-b"/>
      </object_component>
      <object_component id="oc-36">
         <name>.debug_abbrev</name>
         <load_address>0x401</load_address>
         <run_address>0x401</run_address>
         <size>0x9f</size>
         <input_file_ref idref="fl-c"/>
      </object_component>
      <object_component id="oc-3c">
         <name>.debug_abbrev</name>
         <load_address>0x4a0</load_address>
         <run_address>0x4a0</run_address>
         <size>0x1f8</size>
         <input_file_ref idref="fl-d"/>
      </object_component>
      <object_component id="oc-40">
         <name>.debug_abbrev</name>
         <load_address>0x698</load_address>
         <run_address>0x698</run_address>
         <size>0xec</size>
         <input_file_ref idref="fl-e"/>
      </object_component>
      <object_component id="oc-44">
         <name>.debug_abbrev</name>
         <load_address>0x784</load_address>
         <run_address>0x784</run_address>
         <size>0xd5</size>
         <input_file_ref idref="fl-f"/>
      </object_component>
      <object_component id="oc-48">
         <name>.debug_abbrev</name>
         <load_address>0x859</load_address>
         <run_address>0x859</run_address>
         <size>0x44</size>
         <input_file_ref idref="fl-10"/>
      </object_component>
      <object_component id="oc-4c">
         <name>.debug_abbrev</name>
         <load_address>0x89d</load_address>
         <run_address>0x89d</run_address>
         <size>0xb7</size>
         <input_file_ref idref="fl-11"/>
      </object_component>
      <object_component id="oc-4e">
         <name>.debug_abbrev</name>
         <load_address>0x954</load_address>
         <run_address>0x954</run_address>
         <size>0x68</size>
         <input_file_ref idref="fl-12"/>
      </object_component>
      <object_component id="oc-52">
         <name>.debug_abbrev</name>
         <load_address>0x9bc</load_address>
         <run_address>0x9bc</run_address>
         <size>0x83</size>
         <input_file_ref idref="fl-13"/>
      </object_component>
      <object_component id="oc-56">
         <name>.debug_abbrev</name>
         <load_address>0xa3f</load_address>
         <run_address>0xa3f</run_address>
         <size>0x112</size>
         <input_file_ref idref="fl-14"/>
      </object_component>
      <object_component id="oc-5a">
         <name>.debug_abbrev</name>
         <load_address>0xb51</load_address>
         <run_address>0xb51</run_address>
         <size>0xb5</size>
         <input_file_ref idref="fl-15"/>
      </object_component>
      <object_component id="oc-5e">
         <name>.debug_abbrev</name>
         <load_address>0xc06</load_address>
         <run_address>0xc06</run_address>
         <size>0x8f</size>
         <input_file_ref idref="fl-16"/>
      </object_component>
      <object_component id="oc-62">
         <name>.debug_abbrev</name>
         <load_address>0xc95</load_address>
         <run_address>0xc95</run_address>
         <size>0xb7</size>
         <input_file_ref idref="fl-17"/>
      </object_component>
      <object_component id="oc-67">
         <name>.debug_abbrev</name>
         <load_address>0xd4c</load_address>
         <run_address>0xd4c</run_address>
         <size>0xc2</size>
         <input_file_ref idref="fl-18"/>
      </object_component>
      <object_component id="oc-6b">
         <name>.debug_abbrev</name>
         <load_address>0xe0e</load_address>
         <run_address>0xe0e</run_address>
         <size>0x103</size>
         <input_file_ref idref="fl-19"/>
      </object_component>
      <object_component id="oc-70">
         <name>.debug_abbrev</name>
         <load_address>0xf11</load_address>
         <run_address>0xf11</run_address>
         <size>0x140</size>
         <input_file_ref idref="fl-1a"/>
      </object_component>
      <object_component id="oc-74">
         <name>.debug_abbrev</name>
         <load_address>0x1051</load_address>
         <run_address>0x1051</run_address>
         <size>0x9a</size>
         <input_file_ref idref="fl-1b"/>
      </object_component>
      <object_component id="oc-78">
         <name>.debug_abbrev</name>
         <load_address>0x10eb</load_address>
         <run_address>0x10eb</run_address>
         <size>0xd0</size>
         <input_file_ref idref="fl-1c"/>
      </object_component>
      <object_component id="oc-7c">
         <name>.debug_abbrev</name>
         <load_address>0x11bb</load_address>
         <run_address>0x11bb</run_address>
         <size>0xb7</size>
         <input_file_ref idref="fl-1d"/>
      </object_component>
      <object_component id="oc-80">
         <name>.debug_abbrev</name>
         <load_address>0x1272</load_address>
         <run_address>0x1272</run_address>
         <size>0x38</size>
         <input_file_ref idref="fl-1e"/>
      </object_component>
      <object_component id="oc-86">
         <name>.debug_abbrev</name>
         <load_address>0x12aa</load_address>
         <run_address>0x12aa</run_address>
         <size>0x225</size>
         <input_file_ref idref="fl-1f"/>
      </object_component>
      <object_component id="oc-8a">
         <name>.debug_abbrev</name>
         <load_address>0x14cf</load_address>
         <run_address>0x14cf</run_address>
         <size>0xec</size>
         <input_file_ref idref="fl-20"/>
      </object_component>
      <object_component id="oc-8e">
         <name>.debug_abbrev</name>
         <load_address>0x15bb</load_address>
         <run_address>0x15bb</run_address>
         <size>0xb7</size>
         <input_file_ref idref="fl-21"/>
      </object_component>
      <object_component id="oc-92">
         <name>.debug_abbrev</name>
         <load_address>0x1672</load_address>
         <run_address>0x1672</run_address>
         <size>0x38</size>
         <input_file_ref idref="fl-22"/>
      </object_component>
      <object_component id="oc-96">
         <name>.debug_abbrev</name>
         <load_address>0x16aa</load_address>
         <run_address>0x16aa</run_address>
         <size>0xdc</size>
         <input_file_ref idref="fl-23"/>
      </object_component>
      <object_component id="oc-9a">
         <name>.debug_abbrev</name>
         <load_address>0x1786</load_address>
         <run_address>0x1786</run_address>
         <size>0x81</size>
         <input_file_ref idref="fl-24"/>
      </object_component>
      <object_component id="oc-9e">
         <name>.debug_abbrev</name>
         <load_address>0x1807</load_address>
         <run_address>0x1807</run_address>
         <size>0xa6</size>
         <input_file_ref idref="fl-25"/>
      </object_component>
      <object_component id="oc-a2">
         <name>.debug_abbrev</name>
         <load_address>0x18ad</load_address>
         <run_address>0x18ad</run_address>
         <size>0xb5</size>
         <input_file_ref idref="fl-26"/>
      </object_component>
      <object_component id="oc-a6">
         <name>.debug_abbrev</name>
         <load_address>0x1962</load_address>
         <run_address>0x1962</run_address>
         <size>0x8f</size>
         <input_file_ref idref="fl-27"/>
      </object_component>
      <object_component id="oc-ab">
         <name>.debug_abbrev</name>
         <load_address>0x19f1</load_address>
         <run_address>0x19f1</run_address>
         <size>0x15a</size>
         <input_file_ref idref="fl-28"/>
      </object_component>
      <object_component id="oc-b1">
         <name>.debug_abbrev</name>
         <load_address>0x1b4b</load_address>
         <run_address>0x1b4b</run_address>
         <size>0xde</size>
         <input_file_ref idref="fl-29"/>
      </object_component>
      <object_component id="oc-b5">
         <name>.debug_abbrev</name>
         <load_address>0x1c29</load_address>
         <run_address>0x1c29</run_address>
         <size>0x38</size>
         <input_file_ref idref="fl-2a"/>
      </object_component>
      <object_component id="oc-b9">
         <name>.debug_abbrev</name>
         <load_address>0x1c61</load_address>
         <run_address>0x1c61</run_address>
         <size>0xd1</size>
         <input_file_ref idref="fl-2b"/>
      </object_component>
      <object_component id="oc-bd">
         <name>.debug_abbrev</name>
         <load_address>0x1d32</load_address>
         <run_address>0x1d32</run_address>
         <size>0xd4</size>
         <input_file_ref idref="fl-2c"/>
      </object_component>
      <object_component id="oc-c1">
         <name>.debug_abbrev</name>
         <load_address>0x1e06</load_address>
         <run_address>0x1e06</run_address>
         <size>0xa6</size>
         <input_file_ref idref="fl-2d"/>
      </object_component>
      <object_component id="oc-c5">
         <name>.debug_abbrev</name>
         <load_address>0x1eac</load_address>
         <run_address>0x1eac</run_address>
         <size>0x136</size>
         <input_file_ref idref="fl-2e"/>
      </object_component>
      <object_component id="oc-c9">
         <name>.debug_abbrev</name>
         <load_address>0x1fe2</load_address>
         <run_address>0x1fe2</run_address>
         <size>0x81</size>
         <input_file_ref idref="fl-2f"/>
      </object_component>
      <object_component id="oc-cd">
         <name>.debug_abbrev</name>
         <load_address>0x2063</load_address>
         <run_address>0x2063</run_address>
         <size>0xd1</size>
         <input_file_ref idref="fl-30"/>
      </object_component>
      <object_component id="oc-d1">
         <name>.debug_abbrev</name>
         <load_address>0x2134</load_address>
         <run_address>0x2134</run_address>
         <size>0x10b</size>
         <input_file_ref idref="fl-31"/>
      </object_component>
      <object_component id="oc-d7">
         <name>.debug_abbrev</name>
         <load_address>0x223f</load_address>
         <run_address>0x223f</run_address>
         <size>0x1a2</size>
         <input_file_ref idref="fl-32"/>
      </object_component>
      <object_component id="oc-de">
         <name>.debug_abbrev</name>
         <load_address>0x23e1</load_address>
         <run_address>0x23e1</run_address>
         <size>0x1de</size>
         <input_file_ref idref="fl-33"/>
      </object_component>
      <object_component id="oc-e2">
         <name>.debug_abbrev</name>
         <load_address>0x25bf</load_address>
         <run_address>0x25bf</run_address>
         <size>0x118</size>
         <input_file_ref idref="fl-34"/>
      </object_component>
      <object_component id="oc-e6">
         <name>.debug_abbrev</name>
         <load_address>0x26d7</load_address>
         <run_address>0x26d7</run_address>
         <size>0xbf</size>
         <input_file_ref idref="fl-35"/>
      </object_component>
      <object_component id="oc-10b">
         <name>.debug_abbrev</name>
         <load_address>0x2796</load_address>
         <run_address>0x2796</run_address>
         <size>0xd</size>
      </object_component>
   </object_component_list>
   <logical_group_list>
      <logical_group id="lg-105">
         <name>.text</name>
         <load_address>0x20000</load_address>
         <run_address>0x20000</run_address>
         <size>0x4219</size>
         <contents>
            <object_component_ref idref="oc-37"/>
            <object_component_ref idref="oc-81"/>
            <object_component_ref idref="oc-a7"/>
            <object_component_ref idref="oc-d8"/>
            <object_component_ref idref="oc-53"/>
            <object_component_ref idref="oc-d2"/>
            <object_component_ref idref="oc-79"/>
            <object_component_ref idref="oc-ba"/>
            <object_component_ref idref="oc-49"/>
            <object_component_ref idref="oc-12"/>
            <object_component_ref idref="oc-6c"/>
            <object_component_ref idref="oc-93"/>
            <object_component_ref idref="oc-ce"/>
            <object_component_ref idref="oc-b6"/>
            <object_component_ref idref="oc-c2"/>
            <object_component_ref idref="oc-af"/>
            <object_component_ref idref="oc-68"/>
            <object_component_ref idref="oc-57"/>
            <object_component_ref idref="oc-87"/>
            <object_component_ref idref="oc-df"/>
            <object_component_ref idref="oc-c6"/>
            <object_component_ref idref="oc-71"/>
            <object_component_ref idref="oc-9f"/>
            <object_component_ref idref="oc-5f"/>
            <object_component_ref idref="oc-ac"/>
            <object_component_ref idref="oc-ca"/>
            <object_component_ref idref="oc-63"/>
            <object_component_ref idref="oc-41"/>
            <object_component_ref idref="oc-29"/>
            <object_component_ref idref="oc-45"/>
            <object_component_ref idref="oc-3d"/>
            <object_component_ref idref="oc-9b"/>
            <object_component_ref idref="oc-be"/>
            <object_component_ref idref="oc-1a"/>
            <object_component_ref idref="oc-8f"/>
            <object_component_ref idref="oc-22"/>
            <object_component_ref idref="oc-10"/>
            <object_component_ref idref="oc-5b"/>
            <object_component_ref idref="oc-b2"/>
            <object_component_ref idref="oc-8b"/>
            <object_component_ref idref="oc-75"/>
            <object_component_ref idref="oc-a3"/>
            <object_component_ref idref="oc-7d"/>
            <object_component_ref idref="oc-31"/>
            <object_component_ref idref="oc-97"/>
            <object_component_ref idref="oc-e3"/>
            <object_component_ref idref="oc-26"/>
            <object_component_ref idref="oc-2d"/>
         </contents>
      </logical_group>
      <split_section id="lg-2">
         <name>.text</name>
         <contents>
            <logical_group_ref idref="lg-105"/>
         </contents>
      </split_section>
      <logical_group id="lg-3">
         <name>.stack</name>
         <run_address>0xc0</run_address>
         <size>0x2000</size>
         <contents>
            <object_component_ref idref="oc-1e"/>
            <object_component_ref idref="oc-101"/>
         </contents>
      </logical_group>
      <logical_group id="lg-4">
         <name>.sysstack</name>
         <run_address>0x20c0</run_address>
         <size>0x1000</size>
         <contents>
            <object_component_ref idref="oc-e7"/>
            <object_component_ref idref="oc-103"/>
         </contents>
      </logical_group>
      <logical_group id="lg-5">
         <name>.data</name>
         <run_address>0xc0</run_address>
         <size>0x0</size>
         <contents>
         </contents>
      </logical_group>
      <logical_group id="lg-106">
         <name>.bss</name>
         <run_address>0x50c0</run_address>
         <size>0x528</size>
         <contents>
            <object_component_ref idref="oc-4f"/>
            <object_component_ref idref="oc-a8"/>
            <object_component_ref idref="oc-d3"/>
            <object_component_ref idref="oc-82"/>
            <object_component_ref idref="oc-13"/>
            <object_component_ref idref="oc-d9"/>
            <object_component_ref idref="oc-32"/>
            <object_component_ref idref="oc-23"/>
         </contents>
      </logical_group>
      <split_section id="lg-6">
         <name>.bss</name>
         <contents>
            <logical_group_ref idref="lg-106"/>
         </contents>
      </split_section>
      <logical_group id="lg-107">
         <name>.const.1</name>
         <load_address>0x55e8</load_address>
         <run_address>0x55e8</run_address>
         <size>0x202</size>
         <contents>
            <object_component_ref idref="oc-e8"/>
         </contents>
      </logical_group>
      <logical_group id="lg-108">
         <name>.const.2</name>
         <load_address>0x57ec</load_address>
         <run_address>0x57ec</run_address>
         <size>0x10a</size>
         <contents>
            <object_component_ref idref="oc-16"/>
         </contents>
      </logical_group>
      <logical_group id="lg-109">
         <name>.const.3</name>
         <load_address>0x58f8</load_address>
         <run_address>0x58f8</run_address>
         <size>0x78</size>
         <contents>
            <object_component_ref idref="oc-3a"/>
            <object_component_ref idref="oc-39"/>
            <object_component_ref idref="oc-e9"/>
            <object_component_ref idref="oc-6e"/>
            <object_component_ref idref="oc-65"/>
         </contents>
      </logical_group>
      <split_section id="lg-7">
         <name>.const</name>
         <contents>
            <logical_group_ref idref="lg-107"/>
            <logical_group_ref idref="lg-108"/>
            <logical_group_ref idref="lg-109"/>
         </contents>
      </split_section>
      <logical_group id="lg-8">
         <name>.sysmem</name>
         <run_address>0x30c0</run_address>
         <size>0x2000</size>
         <contents>
            <object_component_ref idref="oc-dc"/>
            <object_component_ref idref="oc-102"/>
         </contents>
      </logical_group>
      <logical_group id="lg-9">
         <name>.switch</name>
         <run_address>0x0</run_address>
         <size>0x0</size>
         <contents>
         </contents>
      </logical_group>
      <logical_group id="lg-a">
         <name>.cinit</name>
         <load_address>0x40240</load_address>
         <run_address>0x40240</run_address>
         <size>0x146</size>
         <contents>
            <object_component_ref idref="oc-15"/>
            <object_component_ref idref="oc-84"/>
            <object_component_ref idref="oc-51"/>
            <object_component_ref idref="oc-34"/>
            <object_component_ref idref="oc-25"/>
            <object_component_ref idref="oc-d5"/>
            <object_component_ref idref="oc-db"/>
         </contents>
      </logical_group>
      <logical_group id="lg-b">
         <name>.pinit</name>
         <run_address>0x0</run_address>
         <size>0x0</size>
         <contents>
         </contents>
      </logical_group>
      <logical_group id="lg-c">
         <name>.cio</name>
         <run_address>0x40000</run_address>
         <size>0x240</size>
         <contents>
            <object_component_ref idref="oc-ae"/>
         </contents>
      </logical_group>
      <logical_group id="lg-d">
         <name>.args</name>
         <run_address>0x0</run_address>
         <size>0x0</size>
         <contents>
         </contents>
      </logical_group>
      <logical_group id="lg-e">
         <name>vectors</name>
         <load_address>0x4fe00</load_address>
         <run_address>0x4fe00</run_address>
         <size>0x100</size>
         <contents>
            <object_component_ref idref="oc-11"/>
         </contents>
      </logical_group>
      <logical_group id="lg-f">
         <name>.ioport</name>
         <run_address>0x0</run_address>
         <size>0x0</size>
         <contents>
         </contents>
      </logical_group>
      <logical_group id="lg-f8">
         <name>.debug_info</name>
         <load_address>0x0</load_address>
         <run_address>0x0</run_address>
         <size>0x14076</size>
         <contents>
            <object_component_ref idref="oc-14"/>
            <object_component_ref idref="oc-1b"/>
            <object_component_ref idref="oc-1f"/>
            <object_component_ref idref="oc-24"/>
            <object_component_ref idref="oc-2a"/>
            <object_component_ref idref="oc-2e"/>
            <object_component_ref idref="oc-33"/>
            <object_component_ref idref="oc-38"/>
            <object_component_ref idref="oc-3e"/>
            <object_component_ref idref="oc-42"/>
            <object_component_ref idref="oc-46"/>
            <object_component_ref idref="oc-4a"/>
            <object_component_ref idref="oc-4d"/>
            <object_component_ref idref="oc-50"/>
            <object_component_ref idref="oc-54"/>
            <object_component_ref idref="oc-58"/>
            <object_component_ref idref="oc-5c"/>
            <object_component_ref idref="oc-60"/>
            <object_component_ref idref="oc-64"/>
            <object_component_ref idref="oc-69"/>
            <object_component_ref idref="oc-6d"/>
            <object_component_ref idref="oc-72"/>
            <object_component_ref idref="oc-76"/>
            <object_component_ref idref="oc-7a"/>
            <object_component_ref idref="oc-7e"/>
            <object_component_ref idref="oc-83"/>
            <object_component_ref idref="oc-88"/>
            <object_component_ref idref="oc-8c"/>
            <object_component_ref idref="oc-90"/>
            <object_component_ref idref="oc-94"/>
            <object_component_ref idref="oc-98"/>
            <object_component_ref idref="oc-9c"/>
            <object_component_ref idref="oc-a0"/>
            <object_component_ref idref="oc-a4"/>
            <object_component_ref idref="oc-a9"/>
            <object_component_ref idref="oc-ad"/>
            <object_component_ref idref="oc-b3"/>
            <object_component_ref idref="oc-b7"/>
            <object_component_ref idref="oc-bb"/>
            <object_component_ref idref="oc-bf"/>
            <object_component_ref idref="oc-c3"/>
            <object_component_ref idref="oc-c7"/>
            <object_component_ref idref="oc-cb"/>
            <object_component_ref idref="oc-cf"/>
            <object_component_ref idref="oc-d4"/>
            <object_component_ref idref="oc-da"/>
            <object_component_ref idref="oc-e0"/>
            <object_component_ref idref="oc-e4"/>
            <object_component_ref idref="oc-10a"/>
         </contents>
      </logical_group>
      <logical_group id="lg-fa">
         <name>.debug_frame</name>
         <load_address>0x0</load_address>
         <run_address>0x0</run_address>
         <size>0x119</size>
         <contents>
            <object_component_ref idref="oc-17"/>
         </contents>
      </logical_group>
      <logical_group id="lg-fc">
         <name>.debug_line</name>
         <load_address>0x0</load_address>
         <run_address>0x0</run_address>
         <size>0x154c</size>
         <contents>
            <object_component_ref idref="oc-18"/>
            <object_component_ref idref="oc-1c"/>
            <object_component_ref idref="oc-20"/>
            <object_component_ref idref="oc-27"/>
            <object_component_ref idref="oc-2b"/>
            <object_component_ref idref="oc-2f"/>
            <object_component_ref idref="oc-35"/>
            <object_component_ref idref="oc-3b"/>
            <object_component_ref idref="oc-3f"/>
            <object_component_ref idref="oc-43"/>
            <object_component_ref idref="oc-47"/>
            <object_component_ref idref="oc-4b"/>
            <object_component_ref idref="oc-55"/>
            <object_component_ref idref="oc-59"/>
            <object_component_ref idref="oc-5d"/>
            <object_component_ref idref="oc-61"/>
            <object_component_ref idref="oc-66"/>
            <object_component_ref idref="oc-6a"/>
            <object_component_ref idref="oc-6f"/>
            <object_component_ref idref="oc-73"/>
            <object_component_ref idref="oc-77"/>
            <object_component_ref idref="oc-7b"/>
            <object_component_ref idref="oc-7f"/>
            <object_component_ref idref="oc-85"/>
            <object_component_ref idref="oc-89"/>
            <object_component_ref idref="oc-8d"/>
            <object_component_ref idref="oc-91"/>
            <object_component_ref idref="oc-95"/>
            <object_component_ref idref="oc-99"/>
            <object_component_ref idref="oc-9d"/>
            <object_component_ref idref="oc-a1"/>
            <object_component_ref idref="oc-a5"/>
            <object_component_ref idref="oc-aa"/>
            <object_component_ref idref="oc-b0"/>
            <object_component_ref idref="oc-b4"/>
            <object_component_ref idref="oc-b8"/>
            <object_component_ref idref="oc-bc"/>
            <object_component_ref idref="oc-c0"/>
            <object_component_ref idref="oc-c4"/>
            <object_component_ref idref="oc-c8"/>
            <object_component_ref idref="oc-cc"/>
            <object_component_ref idref="oc-d0"/>
            <object_component_ref idref="oc-d6"/>
            <object_component_ref idref="oc-dd"/>
            <object_component_ref idref="oc-e1"/>
            <object_component_ref idref="oc-e5"/>
         </contents>
      </logical_group>
      <logical_group id="lg-fe">
         <name>.debug_abbrev</name>
         <load_address>0x0</load_address>
         <run_address>0x0</run_address>
         <size>0x27a3</size>
         <contents>
            <object_component_ref idref="oc-19"/>
[...]
         <value>0xffffffff</value>
      </symbol>
      <symbol id="sm-9">
         <name>__STACK_SIZE</name>
         <value>0x2000</value>
      </symbol>
      <symbol id="sm-a">
         <name>__STACK_END</name>
         <value>0x20c0</value>
      </symbol>
      <symbol id="sm-b">
         <name>__SYSMEM_SIZE</name>
         <value>0x2000</value>
      </symbol>
      <symbol id="sm-c">
         <name>___c_args__</name>
         <value>0xffffffff</value>
      </symbol>
      <symbol id="sm-d">
         <name>__SYSSTACK_SIZE</name>
         <value>0x1000</value>
      </symbol>
      <symbol id="sm-e">
         <name>.text</name>
         <value>0xffffffff</value>
      </symbol>
      <symbol id="sm-f">
         <name>___text__</name>
         <value>0xffffffff</value>
      </symbol>
      <symbol id="sm-10">
         <name>etext</name>
         <value>0xffffffff</value>
      </symbol>
      <symbol id="sm-11">
         <name>___etext__</name>
         <value>0xffffffff</value>
      </symbol>
      <symbol id="sm-12">
         <name>.data</name>
         <value>0xffffffff</value>
      </symbol>
      <symbol id="sm-13">
         <name>___data__</name>
         <value>0xffffffff</value>
      </symbol>
      <symbol id="sm-14">
         <name>edata</name>
         <value>0xffffffff</value>
      </symbol>
      <symbol id="sm-15">
         <name>___edata__</name>
         <value>0xffffffff</value>
      </symbol>
      <symbol id="sm-16">
         <name>.bss</name>
         <value>0xffffffff</value>
      </symbol>
      <symbol id="sm-17">
         <name>___bss__</name>
         <value>0xffffffff</value>
      </symbol>
      <symbol id="sm-18">
         <name>end</name>
         <value>0xffffffff</value>
      </symbol>
      <symbol id="sm-19">
         <name>___end__</name>
         <value>0xffffffff</value>
      </symbol>
      <symbol id="sm-71">
         <name>_main</name>
         <value>0x23218</value>
         <object_component_ref idref="oc-12"/>
      </symbol>
      <symbol id="sm-72">
         <name>_rtest</name>
         <value>0x558e</value>
         <object_component_ref idref="oc-13"/>
      </symbol>
      <symbol id="sm-73">
         <name>_eflag</name>
         <value>0x55ba</value>
         <object_component_ref idref="oc-13"/>
      </symbol>
      <symbol id="sm-74">
         <name>_test</name>
         <value>0x231b3</value>
         <object_component_ref idref="oc-12"/>
      </symbol>
      <symbol id="sm-75">
         <name>_x_np</name>
         <value>0x55a4</value>
         <object_component_ref idref="oc-13"/>
      </symbol>
      <symbol id="sm-76">
         <name>_StopTest</name>
         <value>0x231b1</value>
         <object_component_ref idref="oc-12"/>
      </symbol>
      <symbol id="sm-77">
         <name>_x</name>
         <value>0x5576</value>
         <object_component_ref idref="oc-13"/>
      </symbol>
      <symbol id="sm-78">
         <name>_r</name>
         <value>0x55bc</value>
         <object_component_ref idref="oc-13"/>
      </symbol>
      <symbol id="sm-79">
         <name>_h</name>
         <value>0x5586</value>
         <object_component_ref idref="oc-13"/>
      </symbol>
      <symbol id="sm-84">
         <name>_convol</name>
         <value>0x24038</value>
         <object_component_ref idref="oc-1a"/>
      </symbol>
      <symbol id="sm-90">
         <name>__sysstack</name>
         <value>0x20c0</value>
         <object_component_ref idref="oc-e7"/>
      </symbol>
      <symbol id="sm-91">
         <name>_c_int00</name>
         <value>0x240f7</value>
         <object_component_ref idref="oc-10"/>
      </symbol>
      <symbol id="sm-92">
         <name>__stack</name>
         <value>0xc0</value>
         <object_component_ref idref="oc-1e"/>
      </symbol>
      <symbol id="sm-a2">
         <name>C$$EXIT</name>
         <value>0x24210</value>
         <object_component_ref idref="oc-26"/>
      </symbol>
      <symbol id="sm-a3">
         <name>_exit</name>
         <value>0x240b9</value>
         <object_component_ref idref="oc-22"/>
      </symbol>
      <symbol id="sm-a4">
         <name>_abort</name>
         <value>0x2420f</value>
         <object_component_ref idref="oc-26"/>
      </symbol>
      <symbol id="sm-a5">
         <name>__cleanup_ptr</name>
         <value>0x55e0</value>
         <object_component_ref idref="oc-23"/>
      </symbol>
      <symbol id="sm-a6">
         <name>__dtors_ptr</name>
         <value>0x55e4</value>
         <object_component_ref idref="oc-23"/>
      </symbol>
      <symbol id="sm-b0">
         <name>_printf</name>
         <value>0x23ebd</value>
         <object_component_ref idref="oc-29"/>
      </symbol>
      <symbol id="sm-ba">
         <name>_Reset</name>
         <value>0x4fe00</value>
         <object_component_ref idref="oc-11"/>
      </symbol>
      <symbol id="sm-c8">
         <name>__unlock</name>
         <value>0x55dc</value>
         <object_component_ref idref="oc-32"/>
      </symbol>
      <symbol id="sm-c9">
         <name>__lock</name>
         <value>0x55d8</value>
         <object_component_ref idref="oc-32"/>
      </symbol>
      <symbol id="sm-ca">
         <name>__register_lock</name>
         <value>0x241eb</value>
         <object_component_ref idref="oc-31"/>
      </symbol>
      <symbol id="sm-cb">
         <name>__nop</name>
         <value>0x241f3</value>
         <object_component_ref idref="oc-31"/>
      </symbol>
      <symbol id="sm-cc">
         <name>__register_unlock</name>
         <value>0x241e3</value>
         <object_component_ref idref="oc-31"/>
      </symbol>
      <symbol id="sm-de">
         <name>__printfi</name>
         <value>0x21362</value>
         <object_component_ref idref="oc-37"/>
      </symbol>
      <symbol id="sm-e8">
         <name>__args_main</name>
         <value>0x23f5a</value>
         <object_component_ref idref="oc-3d"/>
      </symbol>
      <symbol id="sm-e9">
         <name>__TI_args_main</name>
         <value>0x1</value>
      </symbol>
      <symbol id="sm-f3">
         <name>_atoi</name>
         <value>0x23e61</value>
         <object_component_ref idref="oc-41"/>
      </symbol>
      <symbol id="sm-fb">
         <name>_auto_init</name>
         <value>0x23f0d</value>
         <object_component_ref idref="oc-45"/>
      </symbol>
      <symbol id="sm-105">
         <name>__eqld</name>
         <value>0x23125</value>
         <object_component_ref idref="oc-49"/>
      </symbol>
      <symbol id="sm-106">
         <name>__cmpd</name>
         <value>0x23159</value>
         <object_component_ref idref="oc-49"/>
      </symbol>
      <symbol id="sm-107">
         <name>__neqd</name>
         <value>0x22fc7</value>
         <object_component_ref idref="oc-49"/>
      </symbol>
      <symbol id="sm-108">
         <name>__gtrd</name>
         <value>0x23090</value>
         <object_component_ref idref="oc-49"/>
      </symbol>
      <symbol id="sm-109">
         <name>__geqd</name>
         <value>0x230db</value>
         <object_component_ref idref="oc-49"/>
      </symbol>
      <symbol id="sm-10a">
         <name>__leqd</name>
         <value>0x23043</value>
         <object_component_ref idref="oc-49"/>
      </symbol>
      <symbol id="sm-10b">
         <name>__lssd</name>
         <value>0x22ffb</value>
         <object_component_ref idref="oc-49"/>
      </symbol>
      <symbol id="sm-113">
         <name>__ctypes_</name>
         <value>0x55e8</value>
         <object_component_ref idref="oc-e8"/>
      </symbol>
      <symbol id="sm-11d">
         <name>__tmpnams</name>
         <value>0x51b0</value>
         <object_component_ref idref="oc-4f"/>
      </symbol>
      <symbol id="sm-11e">
         <name>__ft_end</name>
         <value>0x52f0</value>
         <object_component_ref idref="oc-4f"/>
      </symbol>
      <symbol id="sm-11f">
         <name>__ftable</name>
         <value>0x50c0</value>
         <object_component_ref idref="oc-4f"/>
      </symbol>
      <symbol id="sm-12b">
         <name>__divd</name>
         <value>0x224c4</value>
         <object_component_ref idref="oc-53"/>
      </symbol>
      <symbol id="sm-136">
         <name>__divul</name>
         <value>0x239bf</value>
         <object_component_ref idref="oc-57"/>
      </symbol>
      <symbol id="sm-140">
         <name>__fixdi</name>
         <value>0x2412b</value>
         <object_component_ref idref="oc-5b"/>
      </symbol>
      <symbol id="sm-14a">
         <name>__fixdli</name>
         <value>0x23cb3</value>
         <object_component_ref idref="oc-5f"/>
      </symbol>
      <symbol id="sm-156">
         <name>__fltlid</name>
         <value>0x23dfa</value>
         <object_component_ref idref="oc-63"/>
      </symbol>
      <symbol id="sm-160">
         <name>_putchar</name>
         <value>0x239b0</value>
         <object_component_ref idref="oc-68"/>
      </symbol>
      <symbol id="sm-161">
         <name>_putc</name>
         <value>0x23919</value>
         <object_component_ref idref="oc-68"/>
      </symbol>
      <symbol id="sm-162">
         <name>_fputc</name>
         <value>0x23919</value>
         <object_component_ref idref="oc-68"/>
      </symbol>
      <symbol id="sm-170">
         <name>_puts</name>
         <value>0x23460</value>
         <object_component_ref idref="oc-6c"/>
      </symbol>
      <symbol id="sm-171">
         <name>_fputs</name>
         <value>0x2332b</value>
         <object_component_ref idref="oc-6c"/>
      </symbol>
      <symbol id="sm-17b">
         <name>__frcmpyd_div</name>
         <value>0x23bce</value>
         <object_component_ref idref="oc-71"/>
      </symbol>
      <symbol id="sm-185">
         <name>___isinf</name>
         <value>0x241a2</value>
         <object_component_ref idref="oc-75"/>
      </symbol>
      <symbol id="sm-18f">
         <name>__divull</name>
         <value>0x22c44</value>
         <object_component_ref idref="oc-79"/>
      </symbol>
      <symbol id="sm-190">
         <name>__mpylli</name>
         <value>0x22b8c</value>
         <object_component_ref idref="oc-79"/>
      </symbol>
      <symbol id="sm-191">
         <name>__remlli</name>
         <value>0x22b5d</value>
         <object_component_ref idref="oc-79"/>
      </symbol>
      <symbol id="sm-192">
         <name>__divlli</name>
         <value>0x22d38</value>
         <object_component_ref idref="oc-79"/>
      </symbol>
      <symbol id="sm-193">
         <name>__remull</name>
         <value>0x22b0f</value>
         <object_component_ref idref="oc-79"/>
      </symbol>
      <symbol id="sm-19b">
         <name>__mpyli</name>
         <value>0x241d0</value>
         <object_component_ref idref="oc-7d"/>
      </symbol>
      <symbol id="sm-19c">
         <name>I$$LMPY</name>
         <value>0x241d0</value>
         <object_component_ref idref="oc-7d"/>
      </symbol>
      <symbol id="sm-1ae">
         <name>_add_device</name>
         <value>0x219f7</value>
         <object_component_ref idref="oc-81"/>
      </symbol>
      <symbol id="sm-1af">
         <name>_rename</name>
         <value>0x21719</value>
         <object_component_ref idref="oc-81"/>
      </symbol>
      <symbol id="sm-1b0">
         <name>_read</name>
         <value>0x217a8</value>
         <object_component_ref idref="oc-81"/>
      </symbol>
      <symbol id="sm-1b1">
         <name>_unlink</name>
         <value>0x216e6</value>
         <object_component_ref idref="oc-81"/>
      </symbol>
      <symbol id="sm-1b2">
         <name>_remove_device</name>
         <value>0x21772</value>
         <object_component_ref idref="oc-81"/>
      </symbol>
      <symbol id="sm-1b3">
         <name>_open</name>
         <value>0x21856</value>
         <object_component_ref idref="oc-81"/>
      </symbol>
      <symbol id="sm-1b4">
         <name>_find_registered_device</name>
         <value>0x2197b</value>
         <object_component_ref idref="oc-81"/>
      </symbol>
      <symbol id="sm-1b5">
         <name>_lseek</name>
         <value>0x21915</value>
         <object_component_ref idref="oc-81"/>
      </symbol>
      <symbol id="sm-1b6">
         <name>_close</name>
         <value>0x21984</value>
         <object_component_ref idref="oc-81"/>
      </symbol>
      <symbol id="sm-1b7">
         <name>_write</name>
         <value>0x215a4</value>
         <object_component_ref idref="oc-81"/>
      </symbol>
      <symbol id="sm-1c1">
         <name>_ltoa</name>
         <value>0x23a60</value>
         <object_component_ref idref="oc-87"/>
      </symbol>
      <symbol id="sm-1cc">
         <name>_memccpy</name>
         <value>0x2417f</value>
         <object_component_ref idref="oc-8b"/>
      </symbol>
      <symbol id="sm-1d4">
         <name>_memcpy</name>
         <value>0x2407a</value>
         <object_component_ref idref="oc-8f"/>
      </symbol>
      <symbol id="sm-1de">
         <name>__mpyd</name>
         <value>0x2348e</value>
         <object_component_ref idref="oc-93"/>
      </symbol>
      <symbol id="sm-1e8">
         <name>__negd</name>
         <value>0x241f5</value>
         <object_component_ref idref="oc-97"/>
      </symbol>
      <symbol id="sm-1f2">
         <name>__remli</name>
         <value>0x23fa5</value>
         <object_component_ref idref="oc-9b"/>
      </symbol>
      <symbol id="sm-1fd">
         <name>__remul</name>
         <value>0x23c41</value>
         <object_component_ref idref="oc-9f"/>
      </symbol>
      <symbol id="sm-207">
         <name>__subd</name>
         <value>0x241bc</value>
         <object_component_ref idref="oc-a3"/>
      </symbol>
      <symbol id="sm-213">
         <name>_HOSTopen</name>
         <value>0x21df2</value>
         <object_component_ref idref="oc-a7"/>
      </symbol>
      <symbol id="sm-214">
         <name>_HOSTread</name>
         <value>0x21d65</value>
         <object_component_ref idref="oc-a7"/>
      </symbol>
      <symbol id="sm-215">
         <name>_HOSTtime</name>
         <value>0x21c59</value>
         <object_component_ref idref="oc-a7"/>
      </symbol>
      <symbol id="sm-216">
         <name>_getenv</name>
         <value>0x21ae7</value>
         <object_component_ref idref="oc-a7"/>
      </symbol>
      <symbol id="sm-217">
         <name>_HOSTrename</name>
         <value>0x21cb7</value>
         <object_component_ref idref="oc-a7"/>
      </symbol>
      <symbol id="sm-218">
         <name>_HOSTclock</name>
         <value>0x21fb1</value>
         <object_component_ref idref="oc-a7"/>
      </symbol>
      <symbol id="sm-219">
         <name>_HOSTwrite</name>
         <value>0x21b62</value>
         <object_component_ref idref="oc-a7"/>
      </symbol>
      <symbol id="sm-21a">
         <name>_HOSTlseek</name>
         <value>0x21e91</value>
         <object_component_ref idref="oc-a7"/>
      </symbol>
      <symbol id="sm-21b">
         <name>_HOSTunlink</name>
         <value>0x21bef</value>
         <object_component_ref idref="oc-a7"/>
      </symbol>
      <symbol id="sm-21c">
         <name>_HOSTclose</name>
         <value>0x21f46</value>
         <object_component_ref idref="oc-a7"/>
      </symbol>
      <symbol id="sm-22e">
         <name>C$$IO$$</name>
         <value>0x23914</value>
         <object_component_ref idref="oc-af"/>
      </symbol>
      <symbol id="sm-22f">
         <name>__CIOBUF_</name>
         <value>0x40000</value>
         <object_component_ref idref="oc-ae"/>
      </symbol>
      <symbol id="sm-230">
         <name>_readmsg</name>
         <value>0x23d22</value>
         <object_component_ref idref="oc-ac"/>
      </symbol>
      <symbol id="sm-231">
         <name>_writemsg</name>
         <value>0x2385f</value>
         <object_component_ref idref="oc-af"/>
      </symbol>
      <symbol id="sm-239">
         <name>__remu</name>
         <value>0x2416a</value>
         <object_component_ref idref="oc-b2"/>
      </symbol>
      <symbol id="sm-23a">
         <name>__divu</name>
         <value>0x24155</value>
         <object_component_ref idref="oc-b2"/>
      </symbol>
      <symbol id="sm-23b">
         <name>I$$UMOD</name>
         <value>0x2416a</value>
         <object_component_ref idref="oc-b2"/>
      </symbol>
      <symbol id="sm-23c">
         <name>I$$UDIV</name>
         <value>0x24155</value>
         <object_component_ref idref="oc-b2"/>
      </symbol>
      <symbol id="sm-246">
         <name>__rd_ok</name>
         <value>0x23740</value>
         <object_component_ref idref="oc-b6"/>
      </symbol>
      <symbol id="sm-247">
         <name>__wrt_ok</name>
         <value>0x236c0</value>
         <object_component_ref idref="oc-b6"/>
      </symbol>
      <symbol id="sm-251">
         <name>__addd</name>
         <value>0x22d6d</value>
         <object_component_ref idref="oc-ba"/>
      </symbol>
      <symbol id="sm-25b">
         <name>__divli</name>
         <value>0x23ff0</value>
         <object_component_ref idref="oc-be"/>
      </symbol>
      <symbol id="sm-265">
         <name>__doflush</name>
         <value>0x2379d</value>
         <object_component_ref idref="oc-c2"/>
      </symbol>
      <symbol id="sm-266">
         <name>_fflush</name>
         <value>0x23806</value>
         <object_component_ref idref="oc-c2"/>
      </symbol>
      <symbol id="sm-270">
         <name>__frcmpyd</name>
         <value>0x23b58</value>
         <object_component_ref idref="oc-c6"/>
      </symbol>
      <symbol id="sm-27a">
         <name>_fseek</name>
         <value>0x23d8f</value>
         <object_component_ref idref="oc-ca"/>
      </symbol>
      <symbol id="sm-284">
         <name>_setvbuf</name>
         <value>0x235da</value>
         <object_component_ref idref="oc-ce"/>
      </symbol>
      <symbol id="sm-293">
         <name>__cleanup</name>
         <value>0x229b1</value>
         <object_component_ref idref="oc-d2"/>
      </symbol>
      <symbol id="sm-294">
         <name>_fopen</name>
         <value>0x22ad4</value>
         <object_component_ref idref="oc-d2"/>
      </symbol>
      <symbol id="sm-295">
         <name>_freopen</name>
         <value>0x22a0b</value>
         <object_component_ref idref="oc-d2"/>
      </symbol>
      <symbol id="sm-2a5">
         <name>__sys_memory</name>
         <value>0x30c0</value>
         <object_component_ref idref="oc-dc"/>
      </symbol>
      <symbol id="sm-2a6">
         <name>_chkheap</name>
         <value>0x22496</value>
         <object_component_ref idref="oc-d8"/>
      </symbol>
      <symbol id="sm-2a7">
         <name>_realloc</name>
         <value>0x22235</value>
         <object_component_ref idref="oc-d8"/>
      </symbol>
      <symbol id="sm-2a8">
         <name>_free_memory</name>
         <value>0x22440</value>
         <object_component_ref idref="oc-d8"/>
      </symbol>
      <symbol id="sm-2a9">
         <name>_max_free</name>
         <value>0x223e6</value>
         <object_component_ref idref="oc-d8"/>
      </symbol>
      <symbol id="sm-2aa">
         <name>_free</name>
         <value>0x2200f</value>
         <object_component_ref idref="oc-d8"/>
      </symbol>
      <symbol id="sm-2ab">
         <name>_calloc</name>
         <value>0x2249e</value>
         <object_component_ref idref="oc-d8"/>
      </symbol>
      <symbol id="sm-2ac">
         <name>_malloc</name>
         <value>0x22140</value>
         <object_component_ref idref="oc-d8"/>
      </symbol>
      <symbol id="sm-2ad">
         <name>_minit</name>
         <value>0x220db</value>
         <object_component_ref idref="oc-d8"/>
      </symbol>
      <symbol id="sm-2b7">
         <name>_fclose</name>
         <value>0x23add</value>
         <object_component_ref idref="oc-df"/>
      </symbol>
      <symbol id="sm-2c1">
         <name>_remove</name>
         <value>0x24205</value>
         <object_component_ref idref="oc-e3"/>
      </symbol>
   </symbol_table>
</link_info>
